// Jest Snapshot v1, https://goo.gl/fbAQLP

exports[`should not show button if there are no upgrades 1`] = `""`;

exports[`should open modal correctly 1`] = `
<Fragment>
  <Button
    className="spacer-left"
    onClick={[Function]}
  >
    learn_more
  </Button>
</Fragment>
`;
